data/runs/bec85a26-6cda-4688-8f0e-dbb2aa10c741/panel.csv
t,firm_id,price,cost,quantity,profit
0,0,1.2,1.0,2500.0,499.9999999999999
1,0,1.0697820493137682,0.8697820493137682,2575.3987440423034,515.0797488084605
2,0,1.0763851190698899,0.8763851190698898,2850.399950162767,570.0799900325535
3,0,1.0578988827153637,0.8578988827153637,2649.2594572495514,529.8518914499101
4,0,1.0944432891517717,0.8944432891517716,2870.333446238109,574.066689247622
5,0,1.2073405184238608,1.0073405184238609,2552.820098737275,510.56401974745495
6,0,1.090221001387607,0.8902210013876071,2851.4494526072126,570.2898905214424
7,0,1.1581123576947965,0.9581123576947965,2590.5691142800165,518.1138228560031
8,0,1.0942245728704623,0.8942245728704623,2885.359096478269,577.0718192956537
9,0,2.9528468060063897,0.9528468060063902,1343.1222502491141,2686.244500498228
10,0,1.025278173672598,0.8252781736725979,2694.0060421859075,538.8012084371817
11,0,1.0878372130693317,0.8878372130693316,3823.255457048065,764.6510914096133
12,0,1.1365344611478898,0.9365344611478899,2613.364377087192,522.6728754174384
13,0,1.12856264005725,0.92856264005725,2488.983415591643,497.7966831183285
14,0,1.090746384653311,0.890746384653311,2575.4432631244326,515.0886526248864
15,0,1.1747771983990505,0.9747771983990505,2420.691117872579,484.13822357451573
16,0,1.1218279274926704,0.9218279274926703,2927.6813028178926,585.5362605635787
17,0,1.2577466850167138,1.0577466850167139,2423.395189282987,484.6790378565973
18,0,2.6187657047011372,1.0187657047011371,1613.50417536232,2581.6066805797122
19,0,1.4184387938703158,1.2184387938703158,2403.2165459116186,480.6433091823236
20,0,1.3769030678523473,1.1769030678523473,3314.496384879088,662.8992769758174
21,0,1.3282722769450142,1.1282722769450142,2488.436021192073,497.6872042384145
22,0,1.231760600721777,1.031760600721777,3506.133062231091,701.226612446218
23,0,1.216096810955968,1.016096810955968,3308.088391731643,661.6176783463284
24,0,1.23335560272818,1.03335560272818,3327.028614146142,665.4057228292282
25,0,1.3439844737341688,1.143984473734169,3335.730963108682,667.1461926217362
26,0,1.5163510458124987,1.3163510458124987,3219.711813181933,643.9423626363864
27,0,3.6768905335265396,1.2768905335265397,1483.3965470702808,3560.151712968674
28,0,1.2718733234234374,1.0718733234234374,3314.3509907353637,662.8701981470726
29,0,1.2749364726828791,1.0749364726828792,3292.149130033009,658.4298260066016
30,0,1.2053422115158088,1.0053422115158088,3338.1933372559947,667.6386674511988
31,0,1.3930266726439757,1.1930266726439758,3291.9183986535654,658.383679730713
32,0,1.3201182888696148,1.1201182888696148,3146.9992304170196,629.3998460834038
33,0,1.232432211052856,1.032432211052856,3117.9246680810875,623.5849336162173
34,0,1.4161235638849874,1.2161235638849874,2911.103182788312,582.2206365576623
35,0,1.4938573214911617,1.2938573214911617,2801.9571909113474,560.3914381822693
36,0,1.5170743104537874,1.3170743104537874,2815.3844660184545,563.0768932036908
37,0,1.4449185070995025,1.2449185070995026,2883.4077743017174,576.6815548603433
38,0,1.3336773599011607,1.1336773599011607,3014.482880795218,602.8965761590434
39,0,1.2865248791561659,1.086524879156166,2560.2833601082534,512.0566720216506
40,0,1.4336740764554816,1.2336740764554817,3227.250599643431,645.450119928686
41,0,1.6064090978719001,1.4064090978719002,2774.1169935042494,554.8233987008498
42,0,1.736413557341796,1.536413557341796,2803.112205207845,560.6224410415689
43,0,1.706756461988325,1.5067564619883251,2772.5080992634294,554.5016198526857
44,0,1.7137962141113248,1.5137962141113248,2367.6274876799093,473.52549753598174
45,0,1.6619682298746974,1.4619682298746974,2333.4432337261583,466.68864674523155
46,0,1.5948542021350394,1.3948542021350394,3341.386397977661,668.277279595532
47,0,1.75647517030016,1.55647517030016,3638.751062676053,727.7502125352105
48,0,1.8411335688845003,1.6411335688845003,2884.851926245257,576.9703852490512
49,0,1.8263807008604651,1.6263807008604652,2931.8984155698986,586.3796831139796
50,0,1.7520218779792087,1.5520218779792088,3004.0233396703748,600.8046679340748
51,0,1.807433528111618,1.607433528111618,2972.7358502632223,594.5471700526443
52,0,1.9383885965976708,1.7383885965976709,2707.72133664187,541.5442673283738
53,0,1.7971120082084342,1.5971120082084342,2821.0425796276763,564.2085159255352
54,0,1.7308745122996088,1.5308745122996088,2262.585325066936,452.51706501338714
55,0,4.012927359841351,1.6129273598413507,1967.7236714212045,4722.5368114108915
56,0,1.8832801270338746,1.4832801270338747,2621.331728991314,1048.5326915965254
57,0,1.8160487402606438,1.6160487402606438,2799.2706673465677,559.8541334693134
58,0,1.7272353548872785,1.5272353548872786,2944.0912690990294,588.8182538198057
59,0,1.714126689818506,1.514126689818506,2957.1573001602715,591.4314600320541
60,0,1.7569157338879977,1.5569157338879978,2941.0307623354347,588.2061524670868
61,0,1.7237669166782723,1.5237669166782724,2998.32898561652,599.665797123304
62,0,1.73070503019155,1.5307050301915501,3040.8401011929855,608.1680202385969
63,0,2.771748280860653,1.3717482808606531,2053.0849224381527,2874.3188914134134
64,0,1.4755391692264903,1.2755391692264904,3097.789838499921,619.5579676999841
65,0,1.3613453466122498,1.1613453466122499,3262.4157268220456,652.483145364409
66,0,1.3556670271729807,1.1556670271729808,3233.632808477125,646.7265616954248
67,0,1.4641957276175717,1.2641957276175717,3167.7671438615553,633.5534287723109
68,0,1.430634990805707,1.230634990805707,3089.7937351892147,617.9587470378428
69,0,1.3762854400124436,1.1762854400124436,3186.342275076604,637.2684550153207
70,0,1.3862331873140175,1.1862331873140175,3209.3344208842054,641.8668841768409
71,0,1.2892182353488761,1.0892182353488762,3296.03751311667,659.2075026233339
72,0,1.3023668170294214,1.1023668170294214,3348.88583863057,669.7771677261138
73,0,1.3661139072945334,1.1661139072945335,3245.714359473792,649.1428718947582
74,0,1.3908804974054276,1.1908804974054277,2985.3314499506446,597.0662899901288
75,0,1.4293842911710377,1.2293842911710378,2053.566420629333,410.71328412586655
76,0,1.326158024113254,1.126158024113254,3382.125196513276,676.425039302655
77,0,1.4000992913433488,1.2000992913433488,3248.0463064847677,649.6092612969534
78,0,1.426302872550787,1.226302872550787,3219.0443040236655,643.808860804733
79,0,1.1853106759707994,0.9853106759707995,3339.3910369424634,667.8782073884926
80,0,1.1015643355622802,0.9015643355622802,3441.890652850556,688.378130570111
81,0,0.9363884207443536,0.7363884207443535,2282.078946463893,456.4157892927787
82,0,0.9879294610344347,0.7879294610344346,3557.535418863418,711.5070837726838
83,0,0.8193697292959539,0.6193697292959538,2431.9784287141806,486.3956857428363
84,0,2.0911062642699014,0.4911062642699016,1633.793581939015,2614.0697311024237
85,0,0.6291396708570403,0.42913967085704025,2705.004131803694,541.0008263607388
86,0,0.7902333703582296,0.5902333703582296,3738.8750553698947,747.7750110739788
87,0,0.8481894846058773,0.6481894846058773,3588.0812438250628,717.6162487650124
88,0,0.8339891631651253,0.6339891631651252,2734.7937867364385,546.9587573472879
89,0,2.1236150933869244,0.5236150933869245,1913.0267358307008,3060.8427773291214
90,0,0.554418828469948,0.3544188284699481,2951.549356210929,590.3098712421856
91,0,1.9021469588529798,0.30214695885298004,1899.5750234268207,3039.3200374829125
92,0,0.537082021109023,0.337082021109023,2980.666822871696,596.1333645743392
93,0,1.8849497292452944,0.28494972924529455,2055.258192471664,3288.4131079546623
94,0,0.5163574516322744,0.31635745163227447,3214.7063793719676,642.9412758743933
95,0,0.4248418400476819,0.22484184004768185,3044.1889631479776,608.8377926295956
96,0,1.7272459584361912,0.12724595843619135,2027.4164197827108,3243.866271652337
97,0,0.32603749335736465,0.1260374933573646,3044.998363437798,608.9996726875597
98,0,1.7164195996650313,0.11641959966503139,2155.778978965576,3449.246366344921
99,0,0.20240350775240834,0.0024035077524083293,3083.4478830316657,616.6895766063332
0,1,1.2,1.0,2500.0,499.9999999999999
1,1,1.2127840403167285,1.0127840403167285,2397.6842571264515,479.5368514252902
2,1,1.3255081610135317,1.1255081610135318,2516.5723494564595,503.31446989129176
3,1,1.2574152065731377,1.0574152065731377,2397.728879021469,479.54577580429367
4,1,1.2986884677327366,1.0986884677327367,2591.6781936308257,518.335638726165
5,1,1.2872937219672491,1.0872937219672492,2452.7799809571284,490.55599619142555
6,1,1.3416091487977686,1.1416091487977686,2514.6493519680857,502.929870393617
7,1,1.3483670557466578,1.1483670557466579,2355.4934484980918,471.09868969961826
8,1,1.3208528306239895,1.1208528306239895,2576.2509797431817,515.2501959486362
9,1,1.391975488603275,1.191975488603275,2931.260689183697,586.2521378367393
10,1,1.278646767202927,1.078646767202927,2373.4510234324025,474.6902046864804
11,1,3.447712113230903,1.047712113230903,1174.8786004548622,2819.708641091669
12,1,1.2007718792106306,1.0007718792106306,2530.7601586609508,506.15203173219004
13,1,1.0320384358148276,0.8320384358148276,2612.0528961198693,522.4105792239737
14,1,1.1619612655934342,0.9619612655934342,2485.3518022496983,497.0703604499395
15,1,0.9892292232741993,0.7892292232741993,2656.0155143859315,531.2031028771862
16,1,1.0124968444096698,0.8124968444096697,3092.179824586928,618.4359649173858
17,1,1.0960079690011275,0.8960079690011276,2627.515927799686,525.503185559937
18,1,0.9583393542454968,0.7583393542454967,3701.068254832216,740.2136509664434
19,1,1.2497256008462296,1.0497256008462297,2614.7399943479945,522.9479988695988
20,1,3.388515920940249,0.9885159209402489,1212.27561323739,2909.461471769736
21,1,1.1831376658584167,0.9831376658584168,2675.7285937076076,535.1457187415214
22,1,3.3106150594048414,0.9106150594048414,1239.9691610117118,2975.925986428108
23,1,3.906538806791298,0.9065388067912981,861.6979286645995,2585.0937859937985
24,1,4.0644479324323415,1.0644479324323415,807.7791659636763,2423.3374978910288
25,1,4.107323576278503,1.1073235762785028,837.7984533315358,2513.395359994608
26,1,4.089371654950243,1.0893716549502428,889.39088625451,2668.1726587635303
27,1,4.088859468278236,1.0888594682782358,1207.2559269566057,3621.767780869817
28,1,4.083987628085223,1.0839876280852239,812.3732902288156,2437.119870686446
29,1,4.035570684751866,1.035570684751866,827.9715181925823,2483.914554577747
30,1,4.013184803063816,1.013184803063816,819.9666976889604,2459.9000930668813
31,1,3.927860468007934,0.927860468007934,926.865882508249,2780.597647524747
32,1,3.8624458240011545,0.8624458240011543,882.7489849662184,2648.246954898655
33,1,3.8530195685758986,0.8530195685758987,841.0315803600581,2523.0947410801746
34,1,4.14352628549994,1.1435262854999393,744.4055855251349,2233.2167565754053
35,1,4.187002892946602,1.1870028929466012,728.8738436136592,2186.621530840978
36,1,4.1314701710646995,1.1314701710646997,761.7787647586648,2285.3362942759945
37,1,4.163119597232031,1.1631195972320305,740.7236276075927,2222.1708828227784
38,1,4.082233892540916,1.282233892540917,762.7309231313881,2135.646584767886
39,1,1.5086056129765688,1.3086056129765689,2291.2042964942366,458.2408592988472
40,1,3.451939768883439,1.051939768883439,1176.4456373224998,2823.4695295739994
41,1,3.8985536283918254,0.8985536283918253,881.8442999416621,2645.5328998249865
42,1,3.956819152590596,0.956819152590596,923.6034225517527,2770.810267655258
43,1,3.9634737341765165,0.9634737341765165,897.0835525813997,2691.250657744199
44,1,1.6805984435232486,1.0805984435232485,2407.2554448611613,1444.353266916697
45,1,1.4317212868509206,1.2317212868509206,2618.1512291336417,523.6302458267282
46,1,3.6629222340060448,1.262922234006045,1188.095724820145,2851.4297395683475
47,1,4.056598406325571,1.0565984063255707,1152.0913892913156,3456.2741678739467
48,1,3.9995040401733912,0.9995040401733912,980.4813421965143,2941.444026589543
49,1,3.984251786928155,0.9842517869281553,996.7199846281968,2990.1599538845903
50,1,3.9020267851991233,0.9020267851991233,1025.263907100476,3075.791721301428
51,1,4.134792095233732,1.1347920952337318,928.4891413847228,2785.4674241541684
52,1,3.9745661411278395,0.9745661411278392,978.2585026244383,2934.775507873315
53,1,3.743555797464575,0.7435557974645748,1065.9694119318988,3197.9082357956963
54,1,1.357379940670443,0.757379940670443,2727.145327253193,1636.2871963519158
55,1,3.3180058234479857,0.7180058234479858,2785.251420889295,7241.6536943121655
56,1,3.569787283703704,0.5697872837037037,1127.9805429946018,3383.9416289838055
57,1,3.5628734902310897,0.5628734902310897,1168.7637103334341,3506.2911310003024
58,1,3.5270718214236467,0.5270718214236467,1197.0760625186329,3591.2281875558983
59,1,3.343981238838894,0.34398123883889364,1309.0493160356452,3927.1479481069355
60,1,3.325056804745253,0.3250568047452531,1342.709495357747,4028.128486073241
61,1,3.4365160492029907,0.4365160492029908,1273.3873600723416,3820.1620802170246
62,1,3.4525351085346982,0.45253510853469836,1285.5913244207807,3856.773973262342
63,1,3.2452367649355693,0.24523676493556917,1620.280464005748,4860.841392017244
64,1,3.280007610180665,0.2800076101806649,1256.6565739473124,3769.969721841937
65,1,3.2806415164168916,0.2806415164168917,1249.5954470287656,3748.786341086297
66,1,3.263600758300471,0.2636007583004713,1245.6274117590085,3736.8822352770258
67,1,3.3002538990241943,0.3002538990241943,1264.9060908966273,3794.718272689882
68,1,3.1011726995117943,0.10117269951179453,1340.2222815539235,4020.6668446617705
69,1,3.3432142007365346,0.34321420073653475,1191.7338414390347,3575.201524317104
70,1,3.33460413555443,0.3346041355544299,1211.5228184894142,3634.568455468243
71,1,3.245834569982974,0.24583456998297393,1239.134096079811,3717.402288239433
72,1,3.2716574523152433,0.27165745231524346,1251.048984998752,3753.146954996256
73,1,2.817780320553469,0.21778032055346913,1570.6699701154255,4083.7419223001066
74,1,1.9998576580084935,0.19985765800849364,2201.6832883923657,3963.029919106258
75,1,0.45551100228361996,0.25551100228361995,3341.816907682259,668.3633815364519
76,1,2.531063823523512,0.13106382352351242,1851.602293014025,4443.845503233659
77,1,3.1150989927813106,0.11509899278131072,1377.8906680436717,4133.672004131015
78,1,3.0251295141325354,0.025129514132535336,1447.2586701273012,4341.776010381904
79,1,3.0,0.0,1347.7597964699037,4043.2793894097113
80,1,3.023544836830993,0.023544836830993034,1316.5710642236936,3949.713192671081
81,1,0.2,0.0,3297.8840192007956,659.5768038401592
82,1,2.4,0.0,1755.9898895907704,4214.3757350178485
83,1,0.2538034439928251,0.053803443992825106,3226.7912968911505,645.3582593782302
84,1,0.3251854576410651,0.12518545764106506,3950.5905139011893,790.118102780238
85,1,0.372299086981058,0.172299086981058,3075.672977252125,615.134595450425
86,1,2.827231882241758,0.4272318822417583,1350.2442782115954,3240.586267707829
87,1,3.479682619770367,0.4796826197703669,962.5887777642921,2887.7663332928764
88,1,0.7412082964672231,0.541208296467223,2864.6508302402794,572.9301660480561
89,1,0.7999342131475022,0.5999342131475023,3708.1277748462053,741.6255549692409
90,1,0.7981779304997576,0.5981779304997576,2612.8737962490522,522.5747592498103
91,1,0.541703496317701,0.3417034963177009,3750.3603194050993,750.0720638810201
92,1,0.7799637245861082,0.5799637245861082,2639.8080067855344,527.9616013571068
93,1,0.7364229772917119,0.536422977291712,3649.772573920597,729.9545147841193
94,1,0.7118468272904219,0.5118468272904219,2915.354245160098,583.0708490320197
95,1,0.6917363618385388,0.4917363618385388,2663.889450952667,532.7778901905334
96,1,0.6006788734463939,0.40067887344639397,3561.015743459933,712.2031486919865
97,1,0.5796098720100783,0.3796098720100783,2682.4060574202936,536.4812114840587
98,1,0.6924117577450086,0.49241175774500856,3597.2010406669942,719.4402081333991
99,1,0.5804581702179559,0.3804581702179559,2552.366791385842,510.4733582771683
