data/runs/bec85a26-6cda-4688-8f0e-dbb2aa10c741/panel.csv
t,firm_id,price,cost,quantity,profit
0,2,1.2,1.0,2500.0,499.9999999999999
1,2,1.1683757407656419,0.9683757407656418,2451.518254788943,490.30365095778876
2,2,2.0151266749908463,1.0151266749908463,1782.6277502180067,1782.6277502180067
3,2,1.3373808088582493,1.1373808088582493,2303.752206479428,460.7504412958855
4,2,2.1804629091590373,1.1804629091590375,1667.654913892955,1667.6549138929545
5,2,1.2964472614627847,1.0964472614627847,2441.5798215683217,488.3159643136642
6,2,2.029896290733915,1.0298962907339153,1782.4517428174893,1782.4517428174888
7,2,1.2588082306029136,1.0588082306029136,2463.368322941876,492.6736645883751
8,2,2.2083023617263535,1.2083023617263533,1653.0308273002797,1653.0308273002802
9,2,1.4876370852463459,1.287637085246346,2794.356371383491,558.871274276698
10,2,1.3956918566461847,1.1956918566461847,2238.5368921957825,447.7073784391564
11,2,3.441369380401926,1.241369380401926,1178.6104854490068,2592.943067987815
12,2,1.4426187922746947,1.2426187922746947,2242.5110871646652,448.5022174329329
13,2,1.297907545032386,1.097907545032386,2286.910792168618,457.38215843372353
14,2,1.2622811479262435,1.0622811479262435,2363.761671501436,472.7523343002871
15,2,1.3057235122808293,1.1057235122808293,2267.2778533555575,453.4555706711114
16,2,3.5079087268331737,1.1079087268331735,887.9590480082525,2131.101715219806
17,2,1.3435958327481243,1.1435958327481244,2321.572955117642,464.3145910235283
18,2,3.6071109274295647,1.2071109274295648,984.3593149732473,2362.4623559357933
19,2,1.4485518707571645,1.2485518707571646,2367.3034653923937,473.46069307847864
20,2,2.2344727821155264,1.2344727821155261,2158.7316170044332,2158.7316170044337
21,2,1.6112657734735143,1.4112657734735143,2160.106791392712,432.02135827854227
22,2,2.6241127467170307,1.6241127467170309,1747.7647145261058,1747.7647145261053
23,2,1.7586339771740918,1.5586339771740918,2522.125287872115,504.4250575744229
24,2,1.7746331385314356,1.5746331385314356,2538.16360574404,507.6327211488079
25,2,1.9282087377310348,1.728208737731035,2490.739620451101,498.1479240902201
26,2,1.8898900056174361,1.6898900056174362,2671.1854873816237,534.2370974763246
27,2,1.8735457157649849,1.673545715764985,3654.6737629865565,730.9347525973111
28,2,1.7892226887356977,1.5892226887356977,2558.9247283004574,511.78494566009135
29,2,1.7564553792995017,1.5564553792995017,2587.7302217413994,517.5460443482798
30,2,1.7807050584266237,1.5807050584266238,2503.6466277990503,500.7293255598099
31,2,1.951966722271706,1.5519667222717062,2489.2973201846203,995.7189280738479
32,2,1.5372378192978406,1.3372378192978407,2823.252554199742,564.6505108399483
33,2,1.3614649801621774,1.1614649801621775,2923.1190834777676,584.6238166955534
34,2,1.2443083172796432,1.0443083172796432,3172.2456158432765,634.4491231686552
35,2,1.2066927101566332,1.0066927101566332,3234.5844827374963,646.9168965474992
36,2,1.253846562411147,1.053846562411147,3211.41838461144,642.2836769222879
37,2,1.2441179025697982,1.0441179025697982,3187.934299045345,637.5868598090689
38,2,1.270392825084512,1.070392825084512,3111.393098036697,622.2786196073394
39,2,1.2756395049201363,1.0756395049201364,2574.2561716987548,514.8512343397508
40,2,2.0519544784691677,1.051954478469168,2369.053163390638,2369.0531633906376
41,2,1.3383372798389868,1.1383372798389868,3172.0193532770445,634.4038706554088
42,2,1.5115684403799812,1.3115684403799812,3136.642186120201,627.32843722404
43,2,1.4418260580499536,1.2418260580499536,3165.204174077585,633.0408348155169
44,2,1.5169129569230795,1.3169129569230795,2612.5585337294647,522.5117067458929
45,2,1.5806663380128492,1.3806663380128492,2430.2543080065584,486.05086160131157
46,2,2.496197541623519,1.496197541623519,2129.131479224533,2129.131479224533
47,2,3.437087199104408,1.4370871991044083,1570.406485356578,3140.8129707131557
48,2,1.7184635681010294,1.5184635681010294,3067.333365779114,613.4666731558227
49,2,1.756802954536379,1.556802954536379,3035.690799900952,607.1381599801903
50,2,1.7770335737194984,1.5770335737194985,2966.689413558775,593.3378827117549
51,2,1.756517404832894,1.556517404832894,3049.387504176027,609.8775008352053
52,2,1.63135268342228,1.43135268342228,3157.010080366846,631.402016073369
53,2,1.6367880419613183,1.4367880419613184,3056.4940042202124,611.2988008440424
54,2,1.7128013504989037,1.5128013504989037,2283.1240204266774,456.62480408533537
55,2,3.564918076072115,1.564918076072115,2461.773486800206,4923.546973600411
56,2,1.5315564640872845,1.3315564640872846,3125.3438640070412,625.0687728014082
57,2,1.6669150530442243,1.4669150530442243,3015.9828111599986,603.1965622319996
58,2,1.7472735549820844,1.5472735549820844,2914.741399283308,582.9482798566614
59,2,1.8401032541389328,1.6401032541389329,2776.6360836438116,555.3272167287622
60,2,1.8729694543671809,1.672969454367181,2775.2289799713826,555.0457959942764
61,2,1.911307165685428,1.711307165685428,2729.954668694618,545.9909337389234
62,2,2.0189311814320665,1.8189311814320666,2632.7284731932477,526.5456946386495
63,2,1.9071927701331057,1.7071927701331058,3163.3173067780494,632.6634613556098
64,2,1.8664849464980733,1.6664849464980733,2547.763749052844,509.5527498105687
65,2,2.126252319157657,1.9262523191576566,2225.573099327143,445.114619865429
66,2,2.048304079485115,1.8483040794851147,2287.106971286742,457.4213942573488
67,2,2.0196792061295454,1.8196792061295455,2399.559621380263,479.91192427605245
68,2,1.8701731231068248,1.6701731231068249,2480.1902480676463,496.03804961352915
69,2,1.9136615502531895,1.7136615502531896,2435.5816084077574,487.11632168155137
70,2,1.9927421624221975,1.7927421624221975,2369.808339742174,473.96166794843475
71,2,2.126320596054221,1.926320596054221,2168.7908776868485,433.7581755373696
72,2,2.2827923982212117,2.0827923982212115,2051.1793377401073,410.2358675480218
73,2,2.397573664294568,2.197573664294568,1937.9013109369914,387.5802621873986
74,2,2.3722359073997668,2.1722359073997666,1827.6538117063458,365.5307623412695
75,2,2.4018777074806326,2.2018777074806324,1262.799764006148,252.55995280122983
76,2,3.1129979761575406,2.1129979761575406,1384.1473139594234,1384.1473139594234
77,2,2.2477063616910695,2.0477063616910693,2126.0167189867925,425.20334379735885
78,2,2.266690700974814,2.0666907009748137,2114.652721825368,422.930544365074
79,2,2.237312808959601,2.0373128089596007,1973.4581296451697,394.6916259290343
80,2,2.398424423809563,2.1984244238095627,1799.6476300751938,359.9295260150391
81,2,2.356063763163479,2.1560637631634787,1122.153015134515,224.4306030269032
82,2,3.2835084848576024,2.2835084848576024,1128.9392726823937,1128.9392726823937
83,2,2.380077679690163,2.1800776796901626,1114.4389775035181,222.88779550070382
84,2,4.604242131857838,2.204242131857838,465.02539025860693,1116.0609366206565
85,2,2.3508968971413657,2.1508968971413656,1143.6499136920565,228.7299827384115
86,2,3.1103699705964325,2.1103699705964325,1172.005611048615,1172.005611048615
87,2,2.160929408614502,1.960929408614502,1861.2487345855827,372.24974691711685
88,2,1.98786224806378,1.78786224806378,1535.9045527830024,307.1809105566004
89,2,4.219802274442903,1.819802274442903,670.7177144768895,1609.7225147445342
90,2,1.9295599649636517,1.7295599649636517,1484.0274913290891,296.80549826581773
91,2,4.208044368624465,1.8080443686244652,599.7043377629805,1439.2904106311532
92,2,2.050063228496959,1.850063228496959,1398.858347471074,279.77166949421473
93,2,4.2021529114057605,1.8021529114057608,645.1966596871414,1548.471983249139
94,2,3.6973582767197497,1.8973582767197499,655.232996095967,1179.4193929727405
95,2,2.2086548658857765,2.0086548658857764,1247.7326227513781,249.54652455027585
96,2,3.464509761813199,2.064509761813199,850.5520932974243,1190.772930616394
97,2,2.142920669402786,1.9429206694027858,1227.5972157041106,245.51944314082206
98,2,4.114846884865593,1.7148468848655936,649.8189397004346,1559.5654552810427
99,2,1.9596282565378647,1.7596282565378647,1280.7374425508265,256.14748851016526
